# serializer version: 1
# name: test_q10_properties_as_dict_and_diagnostic_data
  dict({
    'child_lock': dict({
      'childLock': False,
    }),
    'consumable': dict({
      'filterLife': 0,
      'mainBrushLife': 0,
      'sensorLife': 0,
      'sideBrushLife': 0,
    }),
    'do_not_disturb': dict({
      'notDisturb': True,
      'notDisturbExpand': dict({
        'disturbDustEnable': 1,
        'disturbLight': 1,
        'disturbResumeClean': 1,
        'disturbVoice': 1,
      }),
    }),
    'dust_collection': dict({
      'dustSetting': 'regular',
      'dustSwitch': True,
    }),
    'map': dict({
      'path': list([
      ]),
      'robotHeading': None,
      'robotPosition': None,
      'rooms': list([
      ]),
    }),
    'maps': dict({
    }),
    'network_info': dict({
      'netInfo': dict({
        'ipAdress': '1.1.1.2',
        'mac': '99:AA:88:BB:77:CC',
        'signal': -50,
        'wifiName': 'wifi-network-name',
      }),
    }),
    'status': dict({
      'addCleanState': False,
      'areaUnit': 'square_meter',
      'autoBoost': False,
      'backType': 'backcharging',
      'battery': 100,
      'breakpointClean': 0,
      'carpetCleanType': 'rise',
      'cleanArea': 0,
      'cleanCount': 1,
      'cleanLine': 'fast',
      'cleanMode': 'vac_and_mop',
      'cleanTaskType': 'idle',
      'cleanTime': 0,
      'cleaningProgress': 100,
      'fanLevel': 'balanced',
      'fault': 'none',
      'filterLife': 0,
      'groundClean': False,
      'lineLaserObstacleAvoidance': True,
      'mainBrushLife': 0,
      'mapSaveSwitch': True,
      'mopState': True,
      'multiMapSwitch': True,
      'recentCleanRecord': False,
      'robotCountryCode': 'us',
      'robotType': 1,
      'sensorLife': 0,
      'sideBrushLife': 0,
      'status': 'charging',
      'timeZone': dict({
        'timeZoneCity': 'America/Los_Angeles',
        'timeZoneSec': -28800,
      }),
      'timerType': 1,
      'totalCleanArea': 0,
      'totalCleanCount': 0,
      'totalCleanTime': 0,
      'userPlan': 0,
      'valleyPointCharging': False,
      'waterLevel': 'low',
    }),
    'volume': dict({
      'volume': 74,
    }),
  })
# ---
# name: test_q10_properties_as_dict_and_diagnostic_data.1
  dict({
    'device': dict({
      'activeTime': 1767044247,
      'cid': '4C',
      'createTime': 1767044139,
      'deviceStatus': dict({
        '101': dict({
          '104': 0,
          '105': False,
          '109': 'us',
          '207': 0,
          '25': 1,
          '26': 74,
          '29': 7,
          '30': 1,
          '31': 16,
          '37': 1,
          '40': 1,
          '45': 0,
          '47': 0,
          '50': 0,
          '51': True,
          '53': True,
          '6': 0,
          '60': 1,
          '67': 0,
          '7': 0,
          '76': 0,
          '78': 0,
          '79': dict({
            'timeZoneCity': 'America/Los_Angeles',
            'timeZoneSec': -28800,
          }),
          '80': 0,
          '81': dict({
            'ipAdress': '**REDACTED**',
            'mac': '**REDACTED**',
            'signal': -42,
            'wifiName': '**REDACTED**',
          }),
          '83': 1,
          '86': 1,
          '87': 100,
          '88': 0,
          '90': 0,
          '92': dict({
            'disturb_dust_enable': 1,
            'disturb_light': 1,
            'disturb_resume_clean': 1,
            'disturb_voice': 1,
          }),
          '93': 1,
          '96': 0,
        }),
        '121': 8,
        '122': 100,
        '123': 2,
        '124': 1,
        '125': 0,
        '126': 0,
        '127': 0,
        '135': 0,
        '136': 1,
        '137': 1,
        '138': 0,
        '139': 5,
      }),
      'duid': '******ef456',
      'f': False,
      'fv': '03.10.0',
      'iconUrl': '',
      'localKey': '**REDACTED**',
      'name': '**REDACTED**',
      'online': True,
      'productId': '**REDACTED**',
      'pv': 'B01',
      'share': False,
      'silentOtaSwitch': False,
      'sn': '**REDACTED**',
      'timeZoneId': 'America/Los_Angeles',
      'tuyaMigrated': False,
    }),
    'product': dict({
      'capability': 0,
      'category': 'robot.vacuum.cleaner',
      'id': 'product-id-q10-ss07',
      'model': 'roborock.vacuum.ss07',
      'name': '**REDACTED**',
      'schema': list([
        dict({
          'code': 'rpc_request',
          'id': 101,
          'mode': 'rw',
          'name': 'RPC Request',
          'property': 'null',
          'type': 'RAW',
        }),
        dict({
          'code': 'rpc_response',
          'id': 102,
          'mode': 'rw',
          'name': 'RPC Response',
          'property': 'null',
          'type': 'RAW',
        }),
        dict({
          'code': 'error_code',
          'id': 120,
          'mode': 'ro',
          'name': '错误代码',
          'property': '{"range": []}',
          'type': 'ENUM',
        }),
        dict({
          'code': 'state',
          'id': 121,
          'mode': 'ro',
          'name': '设备状态',
          'property': 'null',
          'type': 'VALUE',
        }),
        dict({
          'code': 'battery',
          'id': 122,
          'mode': 'ro',
          'name': '设备电量',
          'property': '{"range": []}',
          'type': 'ENUM',
        }),
        dict({
          'code': 'fan_power',
          'id': 123,
          'mode': 'rw',
          'name': '吸力档位',
          'property': '{"range": []}',
          'type': 'ENUM',
        }),
        dict({
          'code': 'water_box_mode',
          'id': 124,
          'mode': 'rw',
          'name': '拖地档位',
          'property': 'null',
          'type': 'RAW',
        }),
        dict({
          'code': 'main_brush_life',
          'id': 125,
          'mode': 'ro',
          'name': '主刷寿命',
          'property': '{"range": []}',
          'type': 'ENUM',
        }),
        dict({
          'code': 'side_brush_life',
          'id': 126,
          'mode': 'ro',
          'name': '边刷寿命',
          'property': '{"range": []}',
          'type': 'ENUM',
        }),
        dict({
          'code': 'filter_life',
          'id': 127,
          'mode': 'ro',
          'name': '滤网寿命',
          'property': '{"range": []}',
          'type': 'ENUM',
        }),
        dict({
          'code': 'offline_status',
          'id': 135,
          'mode': 'ro',
          'name': '离线原因',
          'property': '{"range": []}',
          'type': 'ENUM',
        }),
        dict({
          'code': 'clean_times',
          'id': 136,
          'mode': 'rw',
          'name': '清洁次数',
          'property': '{"range": []}',
          'type': 'ENUM',
        }),
        dict({
          'code': 'cleaning_preference',
          'id': 137,
          'mode': 'rw',
          'name': '扫拖模式',
          'property': '{"range": []}',
          'type': 'ENUM',
        }),
        dict({
          'code': 'clean_task_type',
          'id': 138,
          'mode': 'ro',
          'name': '清洁任务类型',
          'property': '{"range": []}',
          'type': 'ENUM',
        }),
        dict({
          'code': 'back_type',
          'id': 139,
          'mode': 'ro',
          'name': '返回基站类型',
          'property': '{"range": []}',
          'type': 'ENUM',
        }),
        dict({
          'code': 'dock_task_type',
          'id': 140,
          'mode': 'ro',
          'name': '基站任务类型',
          'property': '{"range": []}',
          'type': 'ENUM',
        }),
        dict({
          'code': 'cleaning_progress',
          'id': 141,
          'mode': 'ro',
          'name': '清洁进度',
          'property': '{"range": []}',
          'type': 'ENUM',
        }),
        dict({
          'code': 'fc_state',
          'id': 142,
          'mode': 'ro',
          'name': '窜货信息',
          'property': 'null',
          'type': 'RAW',
        }),
        dict({
          'code': 'start_clean_task',
          'id': 201,
          'mode': 'wo',
          'name': '启动清洁任务',
          'property': '{"range": []}',
          'type': 'ENUM',
        }),
        dict({
          'code': 'start_back_dock_task',
          'id': 202,
          'mode': 'wo',
          'name': '返回基站任务',
          'property': '{"range": []}',
          'type': 'ENUM',
        }),
        dict({
          'code': 'start_dock_task',
          'id': 203,
          'mode': 'wo',
          'name': '启动基站任务',
          'property': '{"range": []}',
          'type': 'ENUM',
        }),
        dict({
          'code': 'pause',
          'id': 204,
          'mode': 'wo',
          'name': '暂停任务',
          'property': 'null',
          'type': 'RAW',
        }),
        dict({
          'code': 'resume',
          'id': 205,
          'mode': 'wo',
          'name': '继续任务',
          'property': 'null',
          'type': 'RAW',
        }),
        dict({
          'code': 'stop',
          'id': 206,
          'mode': 'wo',
          'name': '结束任务',
          'property': 'null',
          'type': 'RAW',
        }),
        dict({
          'code': 'ceip',
          'id': 207,
          'mode': 'rw',
          'name': '用户改善计划',
          'property': '{"range": ["0,1"]}',
          'type': 'ENUM',
        }),
      ]),
    }),
    'traits': dict({
      'child_lock': dict({
        'childLock': False,
      }),
      'consumable': dict({
        'filterLife': 0,
        'mainBrushLife': 0,
        'sensorLife': 0,
        'sideBrushLife': 0,
      }),
      'do_not_disturb': dict({
        'notDisturb': True,
        'notDisturbExpand': dict({
          'disturbDustEnable': 1,
          'disturbLight': 1,
          'disturbResumeClean': 1,
          'disturbVoice': 1,
        }),
      }),
      'dust_collection': dict({
        'dustSetting': 'regular',
        'dustSwitch': True,
      }),
      'map': dict({
        'path': list([
        ]),
        'robotHeading': None,
        'robotPosition': None,
        'rooms': list([
        ]),
      }),
      'maps': dict({
      }),
      'network_info': dict({
        'netInfo': dict({
          'ipAdress': '**REDACTED**',
          'mac': '**REDACTED**',
          'signal': -50,
          'wifiName': '**REDACTED**',
        }),
      }),
      'status': dict({
        'addCleanState': False,
        'areaUnit': 'square_meter',
        'autoBoost': False,
        'backType': 'backcharging',
        'battery': 100,
        'breakpointClean': 0,
        'carpetCleanType': 'rise',
        'cleanArea': 0,
        'cleanCount': 1,
        'cleanLine': 'fast',
        'cleanMode': 'vac_and_mop',
        'cleanTaskType': 'idle',
        'cleanTime': 0,
        'cleaningProgress': 100,
        'fanLevel': 'balanced',
        'fault': 'none',
        'filterLife': 0,
        'groundClean': False,
        'lineLaserObstacleAvoidance': True,
        'mainBrushLife': 0,
        'mapSaveSwitch': True,
        'mopState': True,
        'multiMapSwitch': True,
        'recentCleanRecord': False,
        'robotCountryCode': 'us',
        'robotType': 1,
        'sensorLife': 0,
        'sideBrushLife': 0,
        'status': 'charging',
        'timeZone': dict({
          'timeZoneCity': 'America/Los_Angeles',
          'timeZoneSec': -28800,
        }),
        'timerType': 1,
        'totalCleanArea': 0,
        'totalCleanCount': 0,
        'totalCleanTime': 0,
        'userPlan': 0,
        'valleyPointCharging': False,
        'waterLevel': 'low',
      }),
      'volume': dict({
        'volume': 74,
      }),
    }),
  })
# ---
# name: test_q10_properties_as_dict_empty
  dict({
    'child_lock': dict({
    }),
    'consumable': dict({
    }),
    'do_not_disturb': dict({
    }),
    'dust_collection': dict({
    }),
    'map': dict({
      'path': list([
      ]),
      'robotHeading': None,
      'robotPosition': None,
      'rooms': list([
      ]),
    }),
    'maps': dict({
    }),
    'network_info': dict({
    }),
    'status': dict({
    }),
    'volume': dict({
    }),
  })
# ---
